diff --git a/.gitignore b/.gitignore
index 4eeb903..c4c83a4 100644
--- a/.gitignore
+++ b/.gitignore
@@ -1,2 +1,3 @@
 .php-cs-fixer.cache
 vendor/*
+world
diff --git a/server.properties b/server.properties
index c73eba0..f6820a5 100644
--- a/server.properties
+++ b/server.properties
@@ -3,9 +3,10 @@ server-ip=0.0.0.0
 server-port=19132
 max-players=20
 motd=WatermossMC Server
-level-name=WatermossWorld
+level-name=world
 level-seed=12345
 gamemode=Survival
 server-name=WatermossMC
 version-name=1.21.124
-debug=false
+debug=true
+
diff --git a/src/Binary/Binary.php b/src/Binary/Binary.php
index 7bb3720..9140817 100644
--- a/src/Binary/Binary.php
+++ b/src/Binary/Binary.php
@@ -42,6 +42,11 @@ final class Binary
         return pack('J', $v);
     }
 
+    public static function writeLLong(int $v): string
+    {
+        return pack('P', $v);
+    }
+
     public static function writeTriad(int $v): string
     {
         return \chr($v & 0xFF)
diff --git a/src/Binary/McpeBinary.php b/src/Binary/McpeBinary.php
index 86ae694..1046924 100644
--- a/src/Binary/McpeBinary.php
+++ b/src/Binary/McpeBinary.php
@@ -50,31 +50,24 @@ final class McpeBinary
     }
 
     public static function writeVarInt(int $value): string
-    {
-        $buf = '';
-        $v = $value & 0xFFFFFFFF;
-
-        while (($v & ~0x7F) !== 0) {
-            $buf .= \chr(($v & 0x7F) | 0x80);
-            $v >>= 7;
-        }
+{
+    $buf = '';
+    $v = $value & 0xFFFFFFFF;
 
-        return $buf . \chr($v);
+    while (($v & ~0x7F) !== 0) {
+        $buf .= chr(($v & 0x7F) | 0x80);
+        $v >>= 7;
     }
 
-    public static function writeVarLong(int $value): string
-    {
-        $buf = '';
-        $v = $value;
-
-        while (($v & ~0x7F) !== 0) {
-            $buf .= \chr(($v & 0x7F) | 0x80);
-            $v >>= 7;
-        }
-
-        return $buf . \chr($v);
-    }
+    return $buf . chr($v);
+}
 
+  public static function writeSignedVarInt(int $value): string
+{
+    $v = ($value << 1) ^ ($value >> 31);
+    return self::writeVarInt($v);
+}
+  
     public static function readByte(string $buf, int &$o): int
     {
         return \ord($buf[$o++]);
diff --git a/src/Crypto/Crypto.php b/src/Crypto/Crypto.php
index 5ab9d67..4c2d1c6 100644
--- a/src/Crypto/Crypto.php
+++ b/src/Crypto/Crypto.php
@@ -71,15 +71,9 @@ final class Crypto
      * @param string $salt
      * @return array{0: string, 1: string}
      */
-    public static function deriveAes(string $sharedSecret, string $salt): array
-    {
-        $hashKey = hash('sha256', $sharedSecret . $salt, true);
-        $hashIv = hash('sha256', $salt . $sharedSecret, true);
-
-        $key = substr($hashKey, 0, 16);
-        $iv = substr($hashIv, 0, 16);
-
-        return [$key, $iv];
+    public static function deriveAes(string $sharedSecret, string $salt): string
+  {
+        return openssl_digest($salt . $sharedSecret, 'sha256', true);
     }
 
 
diff --git a/src/Crypto/EncryptionContext.php b/src/Crypto/EncryptionContext.php
index b6cc607..69b7026 100644
--- a/src/Crypto/EncryptionContext.php
+++ b/src/Crypto/EncryptionContext.php
@@ -9,89 +9,105 @@ use RuntimeException;
 final class EncryptionContext
 {
     private string $key;
-    private string $iv;
+    private string $baseIv;
     private int $encryptionCounter = 0;
     private int $decryptionCounter = 0;
+    private int $encryptByteOffset = 0;
+    private int $decryptByteOffset = 0;
 
-    private const ALGORITHM = 'aes-128-cfb8';
+    private const ALGORITHM = 'aes-256-ctr';
+    private const BLOCK_SIZE = 16;
 
-    public function __construct(string $key, string $iv)
+    public function __construct(string $key)
     {
-        $this->key = $key;
-        $this->iv = $iv;
+        $this->key    = $key;
+        $this->baseIv = substr($key, 0, 12) . "\x00\x00\x00\x02";
     }
 
     public function encrypt(string $data): string
     {
-        $checksum = $this->computeChecksum($data, $this->encryptionCounter++);
-        $payloadWithChecksum = $data . $checksum;
-
-        $ciphertext = openssl_encrypt(
-            $payloadWithChecksum,
-            self::ALGORITHM,
-            $this->key,
-            \OPENSSL_RAW_DATA,
-            $this->iv
-        );
-
-        if ($ciphertext === false) {
-            throw new RuntimeException("CFB8 encryption failed");
-        }
+        $checksum  = $this->computeChecksum($data, $this->encryptionCounter++);
+        $plaintext = $data . $checksum;
 
-        $this->iv = substr($this->iv . $ciphertext, -16); 
+        $ciphertext = $this->ctrProcess($plaintext, $this->encryptByteOffset);
+        $this->encryptByteOffset += strlen($plaintext);
 
         return $ciphertext;
     }
 
     public function decrypt(string $data): string
     {
-        $decrypted = openssl_decrypt(
-            $data,
-            self::ALGORITHM,
-            $this->key,
-            \OPENSSL_RAW_DATA,
-            $this->iv
-        );
-
-        if ($decrypted === false) {
-            throw new RuntimeException("CFB8 decryption failed");
-        }
-
-        $this->iv = substr($this->iv . $data, -16);
+        $decrypted = $this->ctrProcess($data, $this->decryptByteOffset);
+        $this->decryptByteOffset += strlen($data);
 
-        $payload = substr($decrypted, 0, -8);
+        $payload        = substr($decrypted, 0, -8);
         $clientChecksum = substr($decrypted, -8);
-
-        $expected = $this->computeChecksum($payload, $this->decryptionCounter);
+        $expected       = $this->computeChecksum($payload, $this->decryptionCounter);
 
         if (!hash_equals($expected, $clientChecksum)) {
-            $cipherHex = bin2hex(substr($data, 0, min(32, strlen($data))));
-            $plainHex = bin2hex(substr($decrypted, 0, min(32, strlen($decrypted))));
-            $payloadHex = bin2hex(substr($payload, 0, min(32, strlen($payload))));
-            $expectedHex = bin2hex($expected);
-            $actualHex = bin2hex($clientChecksum);
             throw new RuntimeException(
-                "Checksum mismatch! Possible out of sync. " .
-                "cipher=" . $cipherHex . " decrypted=" . $plainHex .
-                " payload=" . $payloadHex .
-                " expected=" . $expectedHex . " actual=" . $actualHex .
-                " counter=" . $this->decryptionCounter
+                "Checksum mismatch! counter=" . $this->decryptionCounter .
+                " expected=" . bin2hex($expected) .
+                " actual=" . bin2hex($clientChecksum)
             );
         }
 
         $this->decryptionCounter++;
-
         return $payload;
     }
 
+    /**
+     * CTR mode encryption/decryption (symmetric).
+     * Handles mid-block offsets by prepending dummy bytes.
+     */
+    private function ctrProcess(string $data, int $byteOffset): string
+    {
+        $blockOffset = intdiv($byteOffset, self::BLOCK_SIZE);
+        $byteInBlock = $byteOffset % self::BLOCK_SIZE;
+
+        $iv = $this->incrementIv($blockOffset);
+
+        if ($byteInBlock > 0) {
+            // Prepend dummy bytes to align to block boundary
+            $prefix    = str_repeat("\x00", $byteInBlock);
+            $result    = openssl_encrypt($prefix . $data, self::ALGORITHM, $this->key, OPENSSL_RAW_DATA, $iv);
+            if ($result === false) {
+                throw new RuntimeException("CTR process failed");
+            }
+            return substr($result, $byteInBlock);
+        }
+
+        $result = openssl_encrypt($data, self::ALGORITHM, $this->key, OPENSSL_RAW_DATA, $iv);
+        if ($result === false) {
+            throw new RuntimeException("CTR process failed");
+        }
+        return $result;
+    }
+
+    private function incrementIv(int $blockOffset): string
+    {
+        if ($blockOffset === 0) {
+            return $this->baseIv;
+        }
+
+        $ivBytes = array_values(unpack('C*', $this->baseIv));
+
+        $carry = $blockOffset;
+        for ($i = 15; $i >= 0 && $carry > 0; $i--) {
+            $sum       = $ivBytes[$i] + ($carry & 0xFF);
+            $ivBytes[$i] = $sum & 0xFF;
+            $carry     = ($carry >> 8) + ($sum >> 8);
+        }
+
+        return pack('C*', ...$ivBytes);
+    }
+
     private function computeChecksum(string $payload, int $counter): string
     {
         $hash = hash_init('sha256');
-
-        hash_update($hash, pack("P", $counter)); 
+        hash_update($hash, pack('P', $counter));
         hash_update($hash, $payload);
         hash_update($hash, $this->key);
-        
         return substr(hash_final($hash, true), 0, 8);
     }
-}
+}
\ No newline at end of file
diff --git a/src/Minecraft/PacketHandler.php b/src/Minecraft/PacketHandler.php
index 17aef33..2cb7eba 100644
--- a/src/Minecraft/PacketHandler.php
+++ b/src/Minecraft/PacketHandler.php
@@ -139,7 +139,7 @@ final class PacketHandler
                     }
 
                     $payload = $loginData['payload'];
-                    $clientIdentityKey = $loginData['identityPublicKey'];
+                    $clientIdentityKey = $loginData['ecdhPublicKey'] ?? $loginData['identityPublicKey'];
 
                     Logger::debug("[0x01] Payload type: " . gettype($payload) . ", payload empty: " . (empty($payload) ? 'YES' : 'NO'));
                     Logger::debug("[0x01] IdentityKey present: " . ($clientIdentityKey ? 'YES' : 'NO'));
@@ -267,11 +267,11 @@ final class PacketHandler
                         RakNet::flush($session, $socket);
                         usleep(50000);
 
-                        [$key, $iv] = Crypto::deriveAes($sharedSecret, $serverSalt);
+                        $key = Crypto::deriveAes($sharedSecret, $serverSalt);
                         Logger::debug("[0x01] AES key and IV derived");
-                        Logger::debug("[0x01] AES key=" . bin2hex($key) . " iv=" . bin2hex($iv));
+                        Logger::debug("[0x01] AES key=" . bin2hex($key));
                         
-                        $session->setPendingEncryption($key, $iv);
+                        $session->setPendingEncryption($key);
                         $session->enablePendingEncryption();
                         Logger::debug("[0x01] Pending decryption enabled (inbound)");
                         Logger::debug("[0x01] Pending encryption set");
@@ -309,12 +309,12 @@ final class PacketHandler
                     $session->setWaitingHandshakeAck(false);
                     $session->finalizeEncryption();
                     Logger::debug("[0x04] Encryption finalized");
-
-
+                    Logger::debug("[0x04] outEncryption active: " . ($session->isEncryptionEnabled() ? 'YES' : 'NO'));
                     Logger::info("Encryption ENABLED. Handshake connection secure.");
 
                     PlayStatus::sendSuccess($session, $socket);
                     RakNet::flush($session, $socket);
+                    Logger::debug("[ResourcePacks] Sending ResourcePacksInfo...");
                     ResourcePacksInfo::send($session, $socket, [], false);
                     RakNet::flush($session, $socket);
                     $session->setMcpeState(Session::MC_RESOURCE);
@@ -351,6 +351,10 @@ final class PacketHandler
 
                     return;
 
+                case ProtocolInfo::CLIENT_CACHE_STATUS_PACKET: // ClientCacheStatus
+                    Logger::debug("[0x81] ClientCacheStatus received (ignored)");
+                    return;
+
                 default:
                     Logger::debug("Unhandled Packet ID: 0x{$pidHex} in state " . $session->getMcpeState());
                     break;
diff --git a/src/Minecraft/Packets/Login.php b/src/Minecraft/Packets/Login.php
index 7b3488b..f40ef38 100644
--- a/src/Minecraft/Packets/Login.php
+++ b/src/Minecraft/Packets/Login.php
@@ -18,7 +18,8 @@ final class Login extends Packet
      *   chain: array<int, string>,
      *   clientJwt: string,
      *   payload: array<string, mixed>,
-     *   identityPublicKey: string|null
+     *   identityPublicKey: string|null,
+     *   ecdhPublicKey: string|null
      * }
      */
     public static function read(string $p, int &$o): array
@@ -27,7 +28,7 @@ final class Login extends Packet
 
         $connLen = Binary::readVarInt($p, $o);
         if ($o + $connLen > strlen($p)) {
-             throw new RuntimeException("Buffer underflow");
+            throw new RuntimeException("Buffer underflow");
         }
 
         $conn = substr($p, $o, $connLen);
@@ -47,7 +48,6 @@ final class Login extends Packet
         if (!is_array($authInfo)) {
             throw new RuntimeException("Login JSON did not decode to an object");
         }
-        /** @var array<string, mixed> $authInfo */
 
         $chain = $authInfo['chain'] ?? null;
 
@@ -100,20 +100,38 @@ final class Login extends Packet
             }
         }
 
+        // Ambil ECDH public key dari header x5u JWT terakhir di chain
+        $ecdhPublicKey = null;
+        $lastJwt = end($chain);
+        if (is_string($lastJwt)) {
+            $parts = explode('.', $lastJwt);
+            if (isset($parts[0])) {
+                $header = json_decode(
+                    base64_decode(strtr($parts[0], '-_', '+/')),
+                    true
+                );
+                if (is_array($header) && isset($header['x5u']) && is_string($header['x5u'])) {
+                    $ecdhPublicKey = $header['x5u'];
+                    Logger::debug("[Login] ECDH public key (x5u from last chain JWT): " . substr($ecdhPublicKey, 0, 32) . "...");
+                }
+            }
+        }
+
+        if ($ecdhPublicKey === null) {
+            Logger::warning("[Login] ecdhPublicKey not found in last chain JWT header, falling back to identityPublicKey");
+            $ecdhPublicKey = $identityPublicKey;
+        }
+
         $clientJwtLen = Binary::readLInt($conn, $io);
         $clientJwt = substr($conn, $io, $clientJwtLen);
 
         if ($clientJwt !== '') {
             $parts = explode('.', $clientJwt);
             if (isset($parts[1])) {
-                /** @var string $part1 */
-                $part1 = $parts[1];
-                if (is_string($part1)) {
-                    $clientData = json_decode(base64_decode(strtr($part1, '-_', '+/')), true);
-                    if (is_array($clientData)) {
-                        /** @var array<string, mixed> $clientData */
-                        $payload = array_merge($payload, $clientData);
-                    }
+                $clientData = json_decode(base64_decode(strtr($parts[1], '-_', '+/')), true);
+                if (is_array($clientData)) {
+                    /** @var array<string, mixed> $clientData */
+                    $payload = array_merge($payload, $clientData);
                 }
             }
         }
@@ -126,11 +144,12 @@ final class Login extends Packet
         Logger::info("Login Success: {$displayName} (Protocol: {$protocol})");
 
         return [
-            'protocol' => $protocol,
-            'chain' => $chain,
-            'clientJwt' => $clientJwt,
-            'payload' => $payload,
+            'protocol'          => $protocol,
+            'chain'             => $chain,
+            'clientJwt'         => $clientJwt,
+            'payload'           => $payload,
             'identityPublicKey' => $identityPublicKey,
+            'ecdhPublicKey'     => $ecdhPublicKey,
         ];
     }
-}
+}
\ No newline at end of file
diff --git a/src/Minecraft/Packets/ProtocolInfo.php b/src/Minecraft/Packets/ProtocolInfo.php
index bc22c55..e147e74 100644
--- a/src/Minecraft/Packets/ProtocolInfo.php
+++ b/src/Minecraft/Packets/ProtocolInfo.php
@@ -29,4 +29,6 @@ final class ProtocolInfo
     public const SPAWN_POSITION_PACKET = 0x44;
     public const REQUEST_NETWORK_SETTINGS_PACKET = 0xC1;
     public const UPDATE_ABILITIES_PACKET = 0xBB;
+
+    public const CLIENT_CACHE_STATUS_PACKET = 0x81;
 }
diff --git a/src/Minecraft/Packets/ResourcePackStack.php b/src/Minecraft/Packets/ResourcePackStack.php
index f343c03..bbb78d3 100644
--- a/src/Minecraft/Packets/ResourcePackStack.php
+++ b/src/Minecraft/Packets/ResourcePackStack.php
@@ -6,42 +6,48 @@ namespace WatermossMC\Minecraft\Packets;
 
 use Socket;
 use WatermossMC\Binary\Binary;
+use WatermossMC\Binary\McpeBinary;
 use WatermossMC\Minecraft\Packets\Types\Experiments;
 use WatermossMC\Network\Session;
 
 final class ResourcePackStack extends Packet
 {
     /**
-     * @param array<int, array{uuid:string,version:string}> $resourcePacks
-     * @param array<int, array{uuid:string,version:string}> $behaviorPacks
+     * @param array<int, array{uuid:string,version:string,subPackName?:string}> $resourcePacks
+     * @param array<int, array{uuid:string,version:string,subPackName?:string}> $behaviorPacks
      */
     public static function send(
-        Session $s, 
-        Socket $sock, 
-        array $resourcePacks = [], 
-        array $behaviorPacks = [], 
-        bool $mustAccept = false
+        Session $s,
+        Socket $sock,
+        array $resourcePacks = [],
+        array $behaviorPacks = [],
+        bool $mustAccept = false,
+        string $baseGameVersion = "1.21.124",
+        bool $useVanillaEditorPacks = false
     ): void {
         $p = Binary::writeBool($mustAccept);
 
-        $p .= Binary::writeVarInt(count($behaviorPacks));
+        $p .= McpeBinary::writeVarInt(count($behaviorPacks));
         foreach ($behaviorPacks as $pack) {
-            $p .= Binary::writeString($pack['uuid']);
-            $p .= Binary::writeString($pack['version']);
-            $p .= Binary::writeString(""); // subPackName
+            $p .= McpeBinary::writeString($pack['uuid']);
+            $p .= McpeBinary::writeString($pack['version']);
+            $p .= McpeBinary::writeString($pack['subPackName'] ?? "");
         }
 
-        $p .= Binary::writeVarInt(count($resourcePacks));
+        // Resource packs
+        $p .= McpeBinary::writeVarInt(count($resourcePacks));
         foreach ($resourcePacks as $pack) {
-            $p .= Binary::writeString($pack['uuid']);
-            $p .= Binary::writeString($pack['version']);
-            $p .= Binary::writeString(""); // subPackName
+            $p .= McpeBinary::writeString($pack['uuid']);
+            $p .= McpeBinary::writeString($pack['version']);
+            $p .= McpeBinary::writeString($pack['subPackName'] ?? "");
         }
 
-        $p .= Binary::writeString("1.21.124");
+        $p .= McpeBinary::writeString($baseGameVersion);
+
         $p .= Experiments::writeEmpty();
-        $p .= Binary::writeBool(false); // useVanillaEditorPacks
+
+        $p .= Binary::writeBool($useVanillaEditorPacks);
 
         self::sendBatch(ProtocolInfo::RESOURCE_PACK_STACK_PACKET, $p, $s, $sock);
     }
-}
+}
\ No newline at end of file
diff --git a/src/Minecraft/Packets/ResourcePacksInfo.php b/src/Minecraft/Packets/ResourcePacksInfo.php
index 50b8824..1bf54ca 100644
--- a/src/Minecraft/Packets/ResourcePacksInfo.php
+++ b/src/Minecraft/Packets/ResourcePacksInfo.php
@@ -6,7 +6,9 @@ namespace WatermossMC\Minecraft\Packets;
 
 use Socket;
 use WatermossMC\Binary\Binary;
+use WatermossMC\Binary\McpeBinary;
 use WatermossMC\Network\Session;
+use WatermossMC\Util\Logger;
 
 final class ResourcePacksInfo extends Packet
 {
@@ -21,21 +23,23 @@ final class ResourcePacksInfo extends Packet
         $p .= Binary::writeBool(false); // forceDisableVibrantVisuals
         
         $p .= Binary::writeUUID('00000000-0000-0000-0000-000000000000'); // worldTemplateId
-        $p .= Binary::writeString(""); // worldTemplateVersion
+        $p .= McpeBinary::writeString(""); // worldTemplateVersion
 
         $p .= Binary::writeLShort(count($packs));
+
+        Logger::debug("[ResourcePacks] Raw payload hex: " . bin2hex($p));
         
         foreach ($packs as $pack) {
             $p .= Binary::writeUUID($pack['uuid']);
-            $p .= Binary::writeString($pack['version']);
-            $p .= Binary::writeLong($pack['size']); // Unsigned Long (8 bytes)
-            $p .= Binary::writeString($pack['key'] ?? "");
-            $p .= Binary::writeString(""); // subPackName
-            $p .= Binary::writeString(""); // contentId
+            $p .= McpeBinary::writeString($pack['version']);
+            $p .= Binary::writeLLong($pack['size']); // Unsigned Long (8 bytes)
+            $p .= McpeBinary::writeString($pack['key'] ?? "");
+            $p .= McpeBinary::writeString(""); // subPackName
+            $p .= McpeBinary::writeString(""); // contentId
             $p .= Binary::writeBool(false);    // hasScripts
             $p .= Binary::writeBool(false);    // isAddonPack
             $p .= Binary::writeBool(false);    // isRtxCapable
-            $p .= Binary::writeString(""); // cdnUrl
+            $p .= McpeBinary::writeString(""); // cdnUrl
         }
 
         self::sendBatch(ProtocolInfo::RESOURCE_PACKS_INFO_PACKET, $p, $s, $sock);
diff --git a/src/Minecraft/Packets/SpawnLocation.php b/src/Minecraft/Packets/SpawnLocation.php
deleted file mode 100644
index aa45180..0000000
--- a/src/Minecraft/Packets/SpawnLocation.php
+++ /dev/null
@@ -1,21 +0,0 @@
-<?php
-
-declare(strict_types=1);
-
-namespace WatermossMC\Minecraft\Packets;
-
-use Socket;
-use WatermossMC\Binary\Binary;
-use WatermossMC\Network\Session;
-
-final class SpawnPosition extends Packet
-{
-    public static function send(Session $s, Socket $sock): void
-    {
-        $p = Binary::writeInt(0);
-        $p .= Binary::writeInt(0);
-        $p .= Binary::writeInt(64);
-        $p .= Binary::writeInt(0);
-        self::sendBatch(ProtocolInfo::SPAWN_POSITION_PACKET, $p, $s, $sock);
-    }
-}
diff --git a/src/Minecraft/Packets/SpawnPosition.php b/src/Minecraft/Packets/SpawnPosition.php
new file mode 100644
index 0000000..0776fe0
--- /dev/null
+++ b/src/Minecraft/Packets/SpawnPosition.php
@@ -0,0 +1,34 @@
+<?php
+
+declare(strict_types=1);
+
+namespace WatermossMC\Minecraft\Packets;
+
+use Socket;
+use WatermossMC\Binary\Binary;
+use WatermossMC\Binary\McpeBinary;
+use WatermossMC\Network\Session;
+
+final class SpawnPosition extends Packet
+{
+    public const SPAWN_TYPE_PLAYER_SPAWN = 0;
+    public const SPAWN_TYPE_WORLD_SPAWN  = 1;
+
+    public static function send(Session $s, Socket $sock, int $x = 0, int $y = 64, int $z = 0): void
+    {
+        $p  = McpeBinary::writeVarInt(self::SPAWN_TYPE_WORLD_SPAWN);
+
+        $p .= McpeBinary::writeSignedVarInt($x); // X — signed
+        $p .= McpeBinary::writeVarInt($y);       // Y — unsigned
+        $p .= McpeBinary::writeSignedVarInt($z); // Z — signed
+
+        $p .= McpeBinary::writeSignedVarInt($x);
+        $p .= McpeBinary::writeVarInt($y);
+        $p .= McpeBinary::writeSignedVarInt($z);
+
+        $p .= McpeBinary::writeVarInt(0);        // dimensionId
+        $p .= Binary::writeBool(false);          // spawnForced
+
+        self::sendBatch(ProtocolInfo::SPAWN_POSITION_PACKET, $p, $s, $sock);
+    }
+}
\ No newline at end of file
diff --git a/src/Minecraft/Packets/Types/Experiments.php b/src/Minecraft/Packets/Types/Experiments.php
index 78dd995..904b099 100644
--- a/src/Minecraft/Packets/Types/Experiments.php
+++ b/src/Minecraft/Packets/Types/Experiments.php
@@ -10,8 +10,8 @@ final class Experiments
 {
     public static function writeEmpty(): string
     {
-        $p = Binary::writeVarInt(0);
-        $p .= Binary::writeBool(false);
+        $p  = Binary::writeLInt(0);    // count experiments
+        $p .= Binary::writeBool(false); // hasPreviouslyUsedExperiments
         return $p;
     }
-}
+}
\ No newline at end of file
diff --git a/src/Minecraft/Chunk.php b/src/Minecraft/World/Chunk.php
similarity index 100%
rename from src/Minecraft/Chunk.php
rename to src/Minecraft/World/Chunk.php
diff --git a/src/Minecraft/SubChunk.php b/src/Minecraft/World/SubChunk.php
similarity index 100%
rename from src/Minecraft/SubChunk.php
rename to src/Minecraft/World/SubChunk.php
diff --git a/src/Network/RakNet.php b/src/Network/RakNet.php
index faa834a..d3fd5e3 100644
--- a/src/Network/RakNet.php
+++ b/src/Network/RakNet.php
@@ -338,7 +338,11 @@ final class RakNet
         }
 
         $seq = Binary::readTriad($p, $o);
-        $session->markReceived($seq);
+        if (!$session->markReceived($seq)) {
+            self::sendAck($seq, $a, $po, $sock);
+            Logger::debug("ACK sent seq=$seq to $a:$po (duplicate, skipped)");
+            return;
+        }
 
         Logger::debug("FrameSet recv seq=$seq from {$a}:{$po}");
 
diff --git a/src/Network/Session.php b/src/Network/Session.php
index 8fb51cc..71144b5 100644
--- a/src/Network/Session.php
+++ b/src/Network/Session.php
@@ -82,8 +82,6 @@ final class Session
 
     private ?string $pendingKey = null;
 
-    private ?string $pendingIv = null;
-
     private bool $hasWaitingHandshakeAck = false;
 
     private float $x = 0.0;
@@ -363,19 +361,16 @@ final class Session
         return $this->serverKeys;
     }
 
-    public function enableEncryption(?string $key, ?string $iv): void
+    public function enableEncryption(?string $key): void
     {
-        if ($key === null || $iv === null) {
+        if ($key === null) {
             throw new \RuntimeException("Key or IV is null");
         }
-        if (strlen($key) !== 16) {
+        if (strlen($key) !== 32) {
             throw new \RuntimeException("Invalid key length: " . strlen($key));
         }
-        if (strlen($iv) !== 16) {
-            throw new \RuntimeException("Invalid IV length: " . strlen($iv));
-        }
-        $this->inEncryption = new EncryptionContext($key, $iv);
-        $this->outEncryption = new EncryptionContext($key, $iv);
+        $this->inEncryption = new EncryptionContext($key);
+        $this->outEncryption = new EncryptionContext($key);
     }
 
     public function hasEncryption(): bool
@@ -404,7 +399,6 @@ final class Session
         // and the payload does not start with a valid compression ID (0x00 or 0xFF).
         if ($this->inEncryption !== null && $data !== '') {
             $first = \ord($data[0]);
-            if ($first !== 0x00 && $first !== 0xFF) {
                 try {
                     Logger::debug("Inbound decrypt attempt: raw first=0x" . dechex($first) . " len=" . strlen($data));
                     Logger::debug("Inbound raw hex=" . bin2hex(substr($data, 0, min(32, strlen($data)))));
@@ -415,7 +409,6 @@ final class Session
                     Logger::debug("Inbound decrypt attempt failed: " . $e->getMessage());
                     throw $e;
                 }
-            }
         }
 
         if ($this->shouldDecompressInbound()) {
@@ -474,10 +467,9 @@ final class Session
         $this->compressionEnabled = true;
     }
 
-    public function setPendingEncryption(string $key, string $iv): void
+    public function setPendingEncryption(string $key): void
     {
         $this->pendingKey = $key;
-        $this->pendingIv = $iv;
     }
 
     public function hasPendingEncryption(): bool
@@ -487,28 +479,29 @@ final class Session
 
     public function enablePendingEncryption(): void
     {
-        if ($this->pendingKey === null || $this->pendingIv === null) {
+        if ($this->pendingKey === null) {
             throw new \LogicException("No pending encryption keys available");
         }
 
         // Prepare to decrypt incoming packets from client immediately,
         // but do not enable outbound encryption until handshake finalization.
-        $this->inEncryption = new EncryptionContext($this->pendingKey, $this->pendingIv);
+      if ($this->inEncryption === null) {
+        $this->inEncryption = new EncryptionContext($this->pendingKey);
+      }
 
         Logger::debug("Pending decryption activated (inbound only)");
     }
 
     public function finalizeEncryption(): void
     {
-        if ($this->pendingKey === null || $this->pendingIv === null) {
+        if ($this->pendingKey === null) {
             throw new \LogicException('No pending encryption to finalize');
         }
 
 		// Enable outbound encryption now that handshake exchange is complete.
-		$this->outEncryption = new EncryptionContext($this->pendingKey, $this->pendingIv);
+		$this->outEncryption = new EncryptionContext($this->pendingKey);
 
 		$this->pendingKey = null;
-		$this->pendingIv = null;
 
 		$this->handshakeDone = true;
     }
diff --git a/watermossmc.phar b/watermossmc.phar
new file mode 100644
index 0000000..e123b6a
Binary files /dev/null and b/watermossmc.phar differ
diff --git a/world/chunks/chunk_-1_-1.dat b/world/chunks/chunk_-1_-1.dat
new file mode 100644
index 0000000..968a854
Binary files /dev/null and b/world/chunks/chunk_-1_-1.dat differ
diff --git a/world/chunks/chunk_-1_-2.dat b/world/chunks/chunk_-1_-2.dat
new file mode 100644
index 0000000..968a854
Binary files /dev/null and b/world/chunks/chunk_-1_-2.dat differ
diff --git a/world/chunks/chunk_-1_0.dat b/world/chunks/chunk_-1_0.dat
new file mode 100644
index 0000000..968a854
Binary files /dev/null and b/world/chunks/chunk_-1_0.dat differ
diff --git a/world/chunks/chunk_-1_1.dat b/world/chunks/chunk_-1_1.dat
new file mode 100644
index 0000000..968a854
Binary files /dev/null and b/world/chunks/chunk_-1_1.dat differ
diff --git a/world/chunks/chunk_-1_2.dat b/world/chunks/chunk_-1_2.dat
new file mode 100644
index 0000000..968a854
Binary files /dev/null and b/world/chunks/chunk_-1_2.dat differ
diff --git a/world/chunks/chunk_-2_-1.dat b/world/chunks/chunk_-2_-1.dat
new file mode 100644
index 0000000..968a854
Binary files /dev/null and b/world/chunks/chunk_-2_-1.dat differ
diff --git a/world/chunks/chunk_-2_-2.dat b/world/chunks/chunk_-2_-2.dat
new file mode 100644
index 0000000..968a854
Binary files /dev/null and b/world/chunks/chunk_-2_-2.dat differ
diff --git a/world/chunks/chunk_-2_0.dat b/world/chunks/chunk_-2_0.dat
new file mode 100644
index 0000000..968a854
Binary files /dev/null and b/world/chunks/chunk_-2_0.dat differ
diff --git a/world/chunks/chunk_-2_1.dat b/world/chunks/chunk_-2_1.dat
new file mode 100644
index 0000000..968a854
Binary files /dev/null and b/world/chunks/chunk_-2_1.dat differ
diff --git a/world/chunks/chunk_-2_2.dat b/world/chunks/chunk_-2_2.dat
new file mode 100644
index 0000000..968a854
Binary files /dev/null and b/world/chunks/chunk_-2_2.dat differ
diff --git a/world/chunks/chunk_0_-1.dat b/world/chunks/chunk_0_-1.dat
new file mode 100644
index 0000000..968a854
Binary files /dev/null and b/world/chunks/chunk_0_-1.dat differ
diff --git a/world/chunks/chunk_0_-2.dat b/world/chunks/chunk_0_-2.dat
new file mode 100644
index 0000000..968a854
Binary files /dev/null and b/world/chunks/chunk_0_-2.dat differ
diff --git a/world/chunks/chunk_0_0.dat b/world/chunks/chunk_0_0.dat
new file mode 100644
index 0000000..968a854
Binary files /dev/null and b/world/chunks/chunk_0_0.dat differ
diff --git a/world/chunks/chunk_0_1.dat b/world/chunks/chunk_0_1.dat
new file mode 100644
index 0000000..968a854
Binary files /dev/null and b/world/chunks/chunk_0_1.dat differ
diff --git a/world/chunks/chunk_0_2.dat b/world/chunks/chunk_0_2.dat
new file mode 100644
index 0000000..968a854
Binary files /dev/null and b/world/chunks/chunk_0_2.dat differ
diff --git a/world/chunks/chunk_1_-1.dat b/world/chunks/chunk_1_-1.dat
new file mode 100644
index 0000000..968a854
Binary files /dev/null and b/world/chunks/chunk_1_-1.dat differ
diff --git a/world/chunks/chunk_1_-2.dat b/world/chunks/chunk_1_-2.dat
new file mode 100644
index 0000000..968a854
Binary files /dev/null and b/world/chunks/chunk_1_-2.dat differ
diff --git a/world/chunks/chunk_1_0.dat b/world/chunks/chunk_1_0.dat
new file mode 100644
index 0000000..968a854
Binary files /dev/null and b/world/chunks/chunk_1_0.dat differ
diff --git a/world/chunks/chunk_1_1.dat b/world/chunks/chunk_1_1.dat
new file mode 100644
index 0000000..968a854
Binary files /dev/null and b/world/chunks/chunk_1_1.dat differ
diff --git a/world/chunks/chunk_1_2.dat b/world/chunks/chunk_1_2.dat
new file mode 100644
index 0000000..968a854
Binary files /dev/null and b/world/chunks/chunk_1_2.dat differ
diff --git a/world/chunks/chunk_2_-1.dat b/world/chunks/chunk_2_-1.dat
new file mode 100644
index 0000000..968a854
Binary files /dev/null and b/world/chunks/chunk_2_-1.dat differ
diff --git a/world/chunks/chunk_2_-2.dat b/world/chunks/chunk_2_-2.dat
new file mode 100644
index 0000000..968a854
Binary files /dev/null and b/world/chunks/chunk_2_-2.dat differ
diff --git a/world/chunks/chunk_2_0.dat b/world/chunks/chunk_2_0.dat
new file mode 100644
index 0000000..968a854
Binary files /dev/null and b/world/chunks/chunk_2_0.dat differ
diff --git a/world/chunks/chunk_2_1.dat b/world/chunks/chunk_2_1.dat
new file mode 100644
index 0000000..968a854
Binary files /dev/null and b/world/chunks/chunk_2_1.dat differ
diff --git a/world/chunks/chunk_2_2.dat b/world/chunks/chunk_2_2.dat
new file mode 100644
index 0000000..968a854
Binary files /dev/null and b/world/chunks/chunk_2_2.dat differ
diff --git a/world/level.dat b/world/level.dat
new file mode 100644
index 0000000..7db7c77
Binary files /dev/null and b/world/level.dat differ
diff --git a/world/levelname.txt b/world/levelname.txt
new file mode 100644
index 0000000..04fea06
--- /dev/null
+++ b/world/levelname.txt
@@ -0,0 +1 @@
+world
\ No newline at end of file
